{
    "typoScriptKey": "typoscriptKey7894",
    "subject": "***",
    "message": "***",
    "mailFrom": "***",
    "mailTo": "***",
    "mailCopy": "mail7894@test.test",
    "mailBlindCopy": "***",
    "headers": "***",
    "result": "***",
    "sysLanguageUid": 0,
    "uid": 1,
    "pid": 1
}
